// Jest Snapshot v1, https://goo.gl/fbAQLP

exports[`Voucher Alert Box 1`] = `
<View
  style={
    Array [
      Object {},
      Object {},
    ]
  }
>
  <Text
    allowFontScaling={false}
    style={
      Array [
        Object {
          "color": undefined,
          "fontSize": 12,
        },
        undefined,
        Object {
          "fontFamily": "Voyager",
          "fontStyle": "normal",
          "fontWeight": "normal",
        },
        Object {},
      ]
    }
  >
    
  </Text>
  <Text />
</View>
`;
